
Running 7 tests using 1 worker

  Γ£ÿ  1 [chromium] ΓÇ║ tests\wizard-mode.spec.ts:12:7 ΓÇ║ Add Action Wizard ΓÇ║ Step 1 renders correctly and requires input (5.1s)
  Γ£ô  2 [chromium] ΓÇ║ tests\wizard-mode.spec.ts:23:7 ΓÇ║ Add Action Wizard ΓÇ║ Entering name navigates to Step 2 and back (185ms)
  Γ£ô  3 [chromium] ΓÇ║ tests\wizard-mode.spec.ts:39:7 ΓÇ║ Add Action Wizard ΓÇ║ Submits single action from Step 2 (274ms)
  Γ£ô  4 [chromium] ΓÇ║ tests\wizard-mode.spec.ts:62:7 ΓÇ║ Add Action Wizard ΓÇ║ Validates invalid JSON on Step 1 (159ms)
  Γ£ô  5 [chromium] ΓÇ║ tests\wizard-mode.spec.ts:74:7 ΓÇ║ Add Action Wizard ΓÇ║ Validates missing required fields in JSON (127ms)
  Γ£ô  6 [chromium] ΓÇ║ tests\wizard-mode.spec.ts:85:7 ΓÇ║ Add Action Wizard ΓÇ║ Submits bulk JSON array from Step 1 directly (247ms)
  Γ£ô  7 [chromium] ΓÇ║ tests\wizard-mode.spec.ts:106:7 ΓÇ║ Add Action Wizard ΓÇ║ Submits single JSON object from Step 1 directly (252ms)


  1) [chromium] ΓÇ║ tests\wizard-mode.spec.ts:12:7 ΓÇ║ Add Action Wizard ΓÇ║ Step 1 renders correctly and requires input 

    Error: [2mexpect([22m[31mlocator[39m[2m).[22mtoBeVisible[2m([22m[2m)[22m failed

    Locator:  locator('#jsonError')
    Expected: visible
    Received: hidden
    Timeout:  5000ms

    Call log:
    [2m  - Expect "toBeVisible" with timeout 5000ms[22m
    [2m  - waiting for locator('#jsonError')[22m
    [2m    9 ├ù locator resolved to <div id="jsonError">Please enter an Action Name or paste JSON to impoΓÇª</div>[22m
    [2m      - unexpected value "hidden"[22m


      17 |     await page.locator('#nextBtn').click();
      18 |     const error = page.locator('#jsonError');
    > 19 |     await expect(error).toBeVisible();
         |                         ^
      20 |     await expect(error).toContainText('Please enter an Action Name or paste JSON to import');
      21 |   });
      22 |
        at C:\Users\Don\Documents\Projects\vscode-battlestation\tests\wizard-mode.spec.ts:19:25

    Error Context: test-results\wizard-mode-Add-Action-Wiz-73e60-orrectly-and-requires-input-chromium\error-context.md

  1 failed
    [chromium] ΓÇ║ tests\wizard-mode.spec.ts:12:7 ΓÇ║ Add Action Wizard ΓÇ║ Step 1 renders correctly and requires input 
  6 passed (8.9s)
